// Jest Snapshot v1, https://goo.gl/fbAQLP

exports[`LeftNav renders correctly 1`] = `
ShallowWrapper {
  Symbol(enzyme.__root__): [Circular],
  Symbol(enzyme.__unrendered__): <LeftNav />,
  Symbol(enzyme.__renderer__): Object {
    "batchedUpdates": [Function],
    "checkPropTypes": [Function],
    "getNode": [Function],
    "render": [Function],
    "simulateError": [Function],
    "simulateEvent": [Function],
    "unmount": [Function],
  },
  Symbol(enzyme.__node__): Object {
    "instance": null,
    "key": undefined,
    "nodeType": "host",
    "props": Object {
      "children": Array [
        <i
          className="material-icons left-nav-close"
        >
          close
        </i>,
        <ul
          className="left-nav-menu"
        >
          <li>
            <i
              className="material-icons"
            >
              movie
            </i>
            Top Movies
          </li>
          <li>
            <i
              className="material-icons"
            >
              person
            </i>
             My Movies
          </li>
          <li>
            <i
              className="material-icons"
            >
              settings
            </i>
            Settings
          </li>
        </ul>,
      ],
      "className": "left-nav-container",
    },
    "ref": null,
    "rendered": Array [
      Object {
        "instance": null,
        "key": undefined,
        "nodeType": "host",
        "props": Object {
          "children": "close",
          "className": "material-icons left-nav-close",
          "onClick": undefined,
        },
        "ref": null,
        "rendered": "close",
        "type": "i",
      },
      Object {
        "instance": null,
        "key": undefined,
        "nodeType": "host",
        "props": Object {
          "children": Array [
            <li>
              <i
                className="material-icons"
              >
                movie
              </i>
              Top Movies
            </li>,
            <li>
              <i
                className="material-icons"
              >
                person
              </i>
               My Movies
            </li>,
            <li>
              <i
                className="material-icons"
              >
                settings
              </i>
              Settings
            </li>,
          ],
          "className": "left-nav-menu",
        },
        "ref": null,
        "rendered": Array [
          Object {
            "instance": null,
            "key": undefined,
            "nodeType": "host",
            "props": Object {
              "children": Array [
                <i
                  className="material-icons"
                >
                  movie
                </i>,
                "Top Movies",
              ],
            },
            "ref": null,
            "rendered": Array [
              Object {
                "instance": null,
                "key": undefined,
                "nodeType": "host",
                "props": Object {
                  "children": "movie",
                  "className": "material-icons",
                },
                "ref": null,
                "rendered": "movie",
                "type": "i",
              },
              "Top Movies",
            ],
            "type": "li",
          },
          Object {
            "instance": null,
            "key": undefined,
            "nodeType": "host",
            "props": Object {
              "children": Array [
                <i
                  className="material-icons"
                >
                  person
                </i>,
                " My Movies",
              ],
            },
            "ref": null,
            "rendered": Array [
              Object {
                "instance": null,
                "key": undefined,
                "nodeType": "host",
                "props": Object {
                  "children": "person",
                  "className": "material-icons",
                },
                "ref": null,
                "rendered": "person",
                "type": "i",
              },
              " My Movies",
            ],
            "type": "li",
          },
          Object {
            "instance": null,
            "key": undefined,
            "nodeType": "host",
            "props": Object {
              "children": Array [
                <i
                  className="material-icons"
                >
                  settings
                </i>,
                "Settings",
              ],
            },
            "ref": null,
            "rendered": Array [
              Object {
                "instance": null,
                "key": undefined,
                "nodeType": "host",
                "props": Object {
                  "children": "settings",
                  "className": "material-icons",
                },
                "ref": null,
                "rendered": "settings",
                "type": "i",
              },
              "Settings",
            ],
            "type": "li",
          },
        ],
        "type": "ul",
      },
    ],
    "type": "div",
  },
  Symbol(enzyme.__nodes__): Array [
    Object {
      "instance": null,
      "key": undefined,
      "nodeType": "host",
      "props": Object {
        "children": Array [
          <i
            className="material-icons left-nav-close"
          >
            close
          </i>,
          <ul
            className="left-nav-menu"
          >
            <li>
              <i
                className="material-icons"
              >
                movie
              </i>
              Top Movies
            </li>
            <li>
              <i
                className="material-icons"
              >
                person
              </i>
               My Movies
            </li>
            <li>
              <i
                className="material-icons"
              >
                settings
              </i>
              Settings
            </li>
          </ul>,
        ],
        "className": "left-nav-container",
      },
      "ref": null,
      "rendered": Array [
        Object {
          "instance": null,
          "key": undefined,
          "nodeType": "host",
          "props": Object {
            "children": "close",
            "className": "material-icons left-nav-close",
            "onClick": undefined,
          },
          "ref": null,
          "rendered": "close",
          "type": "i",
        },
        Object {
          "instance": null,
          "key": undefined,
          "nodeType": "host",
          "props": Object {
            "children": Array [
              <li>
                <i
                  className="material-icons"
                >
                  movie
                </i>
                Top Movies
              </li>,
              <li>
                <i
                  className="material-icons"
                >
                  person
                </i>
                 My Movies
              </li>,
              <li>
                <i
                  className="material-icons"
                >
                  settings
                </i>
                Settings
              </li>,
            ],
            "className": "left-nav-menu",
          },
          "ref": null,
          "rendered": Array [
            Object {
              "instance": null,
              "key": undefined,
              "nodeType": "host",
              "props": Object {
                "children": Array [
                  <i
                    className="material-icons"
                  >
                    movie
                  </i>,
                  "Top Movies",
                ],
              },
              "ref": null,
              "rendered": Array [
                Object {
                  "instance": null,
                  "key": undefined,
                  "nodeType": "host",
                  "props": Object {
                    "children": "movie",
                    "className": "material-icons",
                  },
                  "ref": null,
                  "rendered": "movie",
                  "type": "i",
                },
                "Top Movies",
              ],
              "type": "li",
            },
            Object {
              "instance": null,
              "key": undefined,
              "nodeType": "host",
              "props": Object {
                "children": Array [
                  <i
                    className="material-icons"
                  >
                    person
                  </i>,
                  " My Movies",
                ],
              },
              "ref": null,
              "rendered": Array [
                Object {
                  "instance": null,
                  "key": undefined,
                  "nodeType": "host",
                  "props": Object {
                    "children": "person",
                    "className": "material-icons",
                  },
                  "ref": null,
                  "rendered": "person",
                  "type": "i",
                },
                " My Movies",
              ],
              "type": "li",
            },
            Object {
              "instance": null,
              "key": undefined,
              "nodeType": "host",
              "props": Object {
                "children": Array [
                  <i
                    className="material-icons"
                  >
                    settings
                  </i>,
                  "Settings",
                ],
              },
              "ref": null,
              "rendered": Array [
                Object {
                  "instance": null,
                  "key": undefined,
                  "nodeType": "host",
                  "props": Object {
                    "children": "settings",
                    "className": "material-icons",
                  },
                  "ref": null,
                  "rendered": "settings",
                  "type": "i",
                },
                "Settings",
              ],
              "type": "li",
            },
          ],
          "type": "ul",
        },
      ],
      "type": "div",
    },
  ],
  Symbol(enzyme.__options__): Object {
    "adapter": ReactSixteenAdapter {
      "options": Object {
        "enableComponentDidUpdateOnSetState": true,
        "legacyContextMode": "parent",
        "lifecycles": Object {
          "componentDidUpdate": Object {
            "onSetState": true,
          },
          "getChildContext": Object {
            "calledByRenderer": false,
          },
          "getDerivedStateFromError": true,
          "getDerivedStateFromProps": Object {
            "hasShouldComponentUpdateBug": false,
          },
          "getSnapshotBeforeUpdate": true,
          "setState": Object {
            "skipsComponentDidUpdateOnNullish": true,
          },
        },
      },
    },
  },
  Symbol(enzyme.__childContext__): null,
}
`;
